
──────────────────────────────────────────────────
Dataset  : mnist
Shape    : (784,)
Train    : 60,000 samples
Test     : 10,000 samples
Device : cuda
──────────────────────────────────────────────────


Beta sweep — values: [1.0, 2.0, 4.0, 8.0] on mnist

  beta = 1.0

Training  : b1
β=1.0  noise_std=0.3  recon_loss=bce  epochs=30  lr=0.001  wd=0.01
Epoch       Train        Test        KL        LR
--------------------------------------------------
    1      176.84      229.45      3.30  9.97e-04
    5      123.63      145.48      9.72  9.33e-04
   10      119.41      139.24     14.30  7.50e-04
   15      117.41      135.86     15.95  5.00e-04
   20      116.02      143.82     17.34  2.50e-04
   25      115.14      145.09     17.82  6.70e-05
   30      114.80      146.48     18.05  0.00e+00

Best test loss : 135.67
Checkpoint saved → extension/checkpoints/mnist/beta_bilinear_vae/sweep/b1.pt
  Avg effective rank    : 79.2621
  Avg PVE@1 / @5 / @10 : 0.053 / 0.191 / 0.316
  Linear probe accuracy : 0.8700

  beta = 2.0

Training  : b2
β=2.0  noise_std=0.3  recon_loss=bce  epochs=30  lr=0.001  wd=0.01
Epoch       Train        Test        KL        LR
--------------------------------------------------
    1      184.88      217.85      3.61  9.97e-04
    5      138.75      163.25      7.91  9.33e-04
   10      134.98      163.79     10.51  7.50e-04
   15      133.04      157.77     11.71  5.00e-04
   20      131.65      156.36     12.07  2.50e-04
   25      130.83      161.03     12.82  6.70e-05
   30      130.48      161.49     12.91  0.00e+00

Best test loss : 153.63
Checkpoint saved → extension/checkpoints/mnist/beta_bilinear_vae/sweep/b2.pt
  Avg effective rank    : 77.4435
  Avg PVE@1 / @5 / @10 : 0.066 / 0.200 / 0.326
  Linear probe accuracy : 0.8479

  beta = 4.0

Training  : b4
β=4.0  noise_std=0.3  recon_loss=bce  epochs=30  lr=0.001  wd=0.01
Epoch       Train        Test        KL        LR
--------------------------------------------------
    1      201.92      222.89      1.62  9.97e-04
    5      159.38      170.49      5.06  9.33e-04
   10      155.83      163.88      6.02  7.50e-04
   15      154.07      163.10      6.93  5.00e-04
   20      152.79      162.60      7.55  2.50e-04
   25      152.04      165.18      7.81  6.70e-05
   30      151.69      165.64      7.98  0.00e+00

Best test loss : 159.10
Checkpoint saved → extension/checkpoints/mnist/beta_bilinear_vae/sweep/b4.pt
  Avg effective rank    : 74.5673
  Avg PVE@1 / @5 / @10 : 0.071 / 0.217 / 0.347
  Linear probe accuracy : 0.8448

  beta = 8.0

Training  : b8
β=8.0  noise_std=0.3  recon_loss=bce  epochs=30  lr=0.001  wd=0.01
Epoch       Train        Test        KL        LR
--------------------------------------------------
    1      213.29      213.05      0.75  9.97e-04
    5      182.82      173.61      2.31  9.33e-04
   10      180.37      169.94      3.06  7.50e-04
   15      178.83      171.93      3.32  5.00e-04
   20      177.82      171.26      3.61  2.50e-04
   25      177.22      169.49      3.78  6.70e-05
   30      176.94      169.41      3.88  0.00e+00

Best test loss : 168.89
Checkpoint saved → extension/checkpoints/mnist/beta_bilinear_vae/sweep/b8.pt
  Avg effective rank    : 64.2996
  Avg PVE@1 / @5 / @10 : 0.069 / 0.242 / 0.396
  Linear probe accuracy : 0.8473

  Saved → mnist/beta_bilinear_vae/beta_sweep.json
  Saved → extension/figures/beta_bilinear_vae/mnist/beta_sweep.png

Done.
