
──────────────────────────────────────────────────
Dataset  : mnist
Shape    : (784,)
Train    : 60,000 samples
Test     : 10,000 samples
Device : cuda
──────────────────────────────────────────────────


Eigenfeature consistency — 5 seeds on mnist

  Seed 0 / 4

Training  : seed0
β=1.0  noise_std=0.3  recon_loss=bce  epochs=30  lr=0.001  wd=0.01
Epoch       Train        Test        KL        LR
--------------------------------------------------
    1      177.78      238.67      3.60  9.97e-04
    5      123.54      149.16     10.13  9.33e-04
   10      119.50      145.36     13.79  7.50e-04
   15      117.52      147.23     15.82  5.00e-04
   20      116.09      146.62     17.00  2.50e-04
   25      115.23      152.25     17.66  6.70e-05
   30      114.92      152.56     17.92  0.00e+00

Best test loss : 143.64
Checkpoint saved → extension/checkpoints/mnist/bilinear_vae/seeds/seed0.pt

  Seed 1 / 4

Training  : seed1
β=1.0  noise_std=0.3  recon_loss=bce  epochs=30  lr=0.001  wd=0.01
Epoch       Train        Test        KL        LR
--------------------------------------------------
    1      176.15      233.61      4.34  9.97e-04
    5      123.74      157.74     10.06  9.33e-04
   10      119.62      146.17     14.44  7.50e-04
   15      117.62      147.75     16.49  5.00e-04
   20      116.26      152.43     17.13  2.50e-04
   25      115.38      152.72     17.48  6.70e-05
   30      115.02      153.08     17.86  0.00e+00

Best test loss : 142.00
Checkpoint saved → extension/checkpoints/mnist/bilinear_vae/seeds/seed1.pt

  Seed 2 / 4

Training  : seed2
β=1.0  noise_std=0.3  recon_loss=bce  epochs=30  lr=0.001  wd=0.01
Epoch       Train        Test        KL        LR
--------------------------------------------------
    1      173.84      231.52      4.29  9.97e-04
    5      123.51      163.61     10.99  9.33e-04
   10      119.51      157.55     14.27  7.50e-04
   15      117.45      150.69     15.90  5.00e-04
   20      116.05      153.92     17.25  2.50e-04
   25      115.17      158.66     17.56  6.70e-05
   30      114.87      157.58     17.71  0.00e+00

Best test loss : 146.14
Checkpoint saved → extension/checkpoints/mnist/bilinear_vae/seeds/seed2.pt

  Seed 3 / 4

Training  : seed3
β=1.0  noise_std=0.3  recon_loss=bce  epochs=30  lr=0.001  wd=0.01
Epoch       Train        Test        KL        LR
--------------------------------------------------
    1      174.06      231.78      3.73  9.97e-04
    5      124.06      149.17     10.87  9.33e-04
   10      119.78      141.80     15.49  7.50e-04
   15      117.73      143.25     15.91  5.00e-04
   20      116.37      148.59     16.96  2.50e-04
   25      115.42      148.88     17.50  6.70e-05
   30      115.10      150.90     17.78  0.00e+00

Best test loss : 140.41
Checkpoint saved → extension/checkpoints/mnist/bilinear_vae/seeds/seed3.pt

  Seed 4 / 4

Training  : seed4
β=1.0  noise_std=0.3  recon_loss=bce  epochs=30  lr=0.001  wd=0.01
Epoch       Train        Test        KL        LR
--------------------------------------------------
    1      175.38      228.41      4.63  9.97e-04
    5      123.87      153.24     10.45  9.33e-04
   10      119.75      155.60     14.66  7.50e-04
   15      117.67      158.09     16.58  5.00e-04
   20      116.27      160.60     16.80  2.50e-04
   25      115.41      156.01     17.37  6.70e-05
   30      115.10      159.66     17.67  0.00e+00

Best test loss : 148.02
Checkpoint saved → extension/checkpoints/mnist/bilinear_vae/seeds/seed4.pt
  Eigenfeature consistency (mean cosine sim) : 0.9004
    digit 0 : 0.8500
    digit 1 : 0.9419
    digit 2 : 0.9019
    digit 3 : 0.8763
    digit 4 : 0.9280
    digit 5 : 0.8997
    digit 6 : 0.9112
    digit 7 : 0.9219
    digit 8 : 0.8837
    digit 9 : 0.8894

  Saved → mnist/bilinear_vae/consistency.json
  Saved → extension/figures/bilinear_vae/mnist/consistency.png

Done.
