
──────────────────────────────────────────────────
Dataset  : fashion_mnist
Shape    : (784,)
Train    : 60,000 samples
Test     : 10,000 samples
Device : cuda
──────────────────────────────────────────────────


==================================================
Model : bilinear_vae
==================================================

Training  : model
β=1.0  noise_std=0.3  recon_loss=bce  epochs=30  lr=0.001  wd=0.01
Epoch       Train        Test        KL        LR
--------------------------------------------------
    1      293.66      291.15      8.23  9.97e-04
    5      253.55      256.30     11.91  9.33e-04
   10      249.80      251.74     13.31  7.50e-04
   15      248.06      252.42     13.36  5.00e-04
   20      246.89      250.42     13.84  2.50e-04
   25      246.13      250.97     13.87  6.70e-05
   30      245.86      250.41     13.95  0.00e+00

Best test loss : 249.29
Checkpoint saved → extension/checkpoints/fashion_mnist/bilinear_vae/model.pt
  Saved → extension/figures/bilinear_vae/fashion_mnist/training_curves.png
Loaded checkpoint from extension/checkpoints/fashion_mnist/bilinear_vae/model.pt  (epoch 19)

Computing metrics …
  Linear probe accuracy : 0.7698
  Silhouette score      : 0.0359
  Reconstruction MSE    : 0.018991
  Avg effective rank    : 72.8053
  Avg PVE@1 / @5 / @10 : 0.080 / 0.229 / 0.365
  Loaded classifier from fashion_mnist.pt
  Interpolation monotonicity (mean) : 0.9474
  Metrics saved → bilinear_vae/metrics.json
  Saved → extension/figures/bilinear_vae/fashion_mnist/reconstructions.png
  Saved → extension/figures/bilinear_vae/fashion_mnist/latent_pca.png
  Saved → extension/figures/bilinear_vae/fashion_mnist/eigenspectrums/digit0.png
  Saved → extension/figures/bilinear_vae/fashion_mnist/eigenspectrums/digit1.png
  Saved → extension/figures/bilinear_vae/fashion_mnist/eigenspectrums/digit2.png
  Saved → extension/figures/bilinear_vae/fashion_mnist/eigenspectrums/digit3.png
  Saved → extension/figures/bilinear_vae/fashion_mnist/eigenspectrums/digit4.png
  Saved → extension/figures/bilinear_vae/fashion_mnist/eigenspectrums/digit5.png
  Saved → extension/figures/bilinear_vae/fashion_mnist/eigenspectrums/digit6.png
  Saved → extension/figures/bilinear_vae/fashion_mnist/eigenspectrums/digit7.png
  Saved → extension/figures/bilinear_vae/fashion_mnist/eigenspectrums/digit8.png
  Saved → extension/figures/bilinear_vae/fashion_mnist/eigenspectrums/digit9.png
  Saved → extension/figures/bilinear_vae/fashion_mnist/eigenspectrums/spectra_grid.png
  Saved → extension/figures/bilinear_vae/fashion_mnist/interpolations/digit7_to_1.png
  Saved → extension/figures/bilinear_vae/fashion_mnist/interpolations/digit3_to_5.png
  Saved → extension/figures/bilinear_vae/fashion_mnist/interpolations/digit4_to_9.png
  Figures saved → extension/figures/bilinear_vae/fashion_mnist/

==================================================
Model : beta_bilinear_vae
==================================================

Training  : model
β=4.0  noise_std=0.3  recon_loss=bce  epochs=30  lr=0.001  wd=0.01
Epoch       Train        Test        KL        LR
--------------------------------------------------
    1      319.01      291.84      4.20  9.97e-04
    5      281.11      273.01      5.48  9.33e-04
   10      277.37      274.92      6.10  7.50e-04
   15      275.52      274.93      6.24  5.00e-04
   20      274.37      274.56      6.39  2.50e-04
   25      273.56      272.47      6.47  6.70e-05
   30      273.30      272.90      6.36  0.00e+00

Best test loss : 270.53
Checkpoint saved → extension/checkpoints/fashion_mnist/beta_bilinear_vae/model.pt
  Saved → extension/figures/beta_bilinear_vae/fashion_mnist/training_curves.png
Loaded checkpoint from extension/checkpoints/fashion_mnist/beta_bilinear_vae/model.pt  (epoch 16)

Computing metrics …
  Linear probe accuracy : 0.7529
  Silhouette score      : 0.0345
  Reconstruction MSE    : 0.023350
  Avg effective rank    : 59.2961
  Avg PVE@1 / @5 / @10 : 0.102 / 0.291 / 0.443
  Loaded classifier from fashion_mnist.pt
  Interpolation monotonicity (mean) : 0.8947
  Metrics saved → beta_bilinear_vae/metrics.json
  Saved → extension/figures/beta_bilinear_vae/fashion_mnist/reconstructions.png
  Saved → extension/figures/beta_bilinear_vae/fashion_mnist/latent_pca.png
  Saved → extension/figures/beta_bilinear_vae/fashion_mnist/eigenspectrums/digit0.png
  Saved → extension/figures/beta_bilinear_vae/fashion_mnist/eigenspectrums/digit1.png
  Saved → extension/figures/beta_bilinear_vae/fashion_mnist/eigenspectrums/digit2.png
  Saved → extension/figures/beta_bilinear_vae/fashion_mnist/eigenspectrums/digit3.png
  Saved → extension/figures/beta_bilinear_vae/fashion_mnist/eigenspectrums/digit4.png
  Saved → extension/figures/beta_bilinear_vae/fashion_mnist/eigenspectrums/digit5.png
  Saved → extension/figures/beta_bilinear_vae/fashion_mnist/eigenspectrums/digit6.png
  Saved → extension/figures/beta_bilinear_vae/fashion_mnist/eigenspectrums/digit7.png
  Saved → extension/figures/beta_bilinear_vae/fashion_mnist/eigenspectrums/digit8.png
  Saved → extension/figures/beta_bilinear_vae/fashion_mnist/eigenspectrums/digit9.png
  Saved → extension/figures/beta_bilinear_vae/fashion_mnist/eigenspectrums/spectra_grid.png
  Saved → extension/figures/beta_bilinear_vae/fashion_mnist/interpolations/digit7_to_1.png
  Saved → extension/figures/beta_bilinear_vae/fashion_mnist/interpolations/digit3_to_5.png
  Saved → extension/figures/beta_bilinear_vae/fashion_mnist/interpolations/digit4_to_9.png
  Figures saved → extension/figures/beta_bilinear_vae/fashion_mnist/

==================================================
Model : beta_vae
==================================================

Training  : model
β=4.0  noise_std=0.3  recon_loss=bce  epochs=30  lr=0.001  wd=0.01
Epoch       Train        Test        KL        LR
--------------------------------------------------
    1      320.18      291.21      5.47  9.97e-04
    5      276.41      283.01      7.11  9.33e-04
   10      273.46      279.10      7.38  7.50e-04
   15      271.92      278.81      7.28  5.00e-04
   20      271.05      276.67      7.36  2.50e-04
   25      270.49      276.76      7.61  6.70e-05
   30      270.24      276.76      7.55  0.00e+00

Best test loss : 275.77
Checkpoint saved → extension/checkpoints/fashion_mnist/beta_vae/model.pt
  Saved → extension/figures/beta_vae/fashion_mnist/training_curves.png
Loaded checkpoint from extension/checkpoints/fashion_mnist/beta_vae/model.pt  (epoch 3)

Computing metrics …
  Linear probe accuracy : 0.7467
  Silhouette score      : 0.1130
  Reconstruction MSE    : 0.025995
  Metrics saved → beta_vae/metrics.json
  Saved → extension/figures/beta_vae/fashion_mnist/reconstructions.png
  Saved → extension/figures/beta_vae/fashion_mnist/latent_pca.png
  Figures saved → extension/figures/beta_vae/fashion_mnist/

==================================================
Model : vanilla_vae
==================================================

Training  : model
β=1.0  noise_std=0.3  recon_loss=bce  epochs=30  lr=0.001  wd=0.01
Epoch       Train        Test        KL        LR
--------------------------------------------------
    1      298.04      272.22     12.10  9.97e-04
    5      250.82      261.93     13.80  9.33e-04
   10      246.96      257.37     15.37  7.50e-04
   15      245.30      259.81     15.75  5.00e-04
   20      244.36      257.68     16.12  2.50e-04
   25      243.78      257.04     15.92  6.70e-05
   30      243.57      257.36     16.14  0.00e+00

Best test loss : 256.71
Checkpoint saved → extension/checkpoints/fashion_mnist/vanilla_vae/model.pt
  Saved → extension/figures/vanilla_vae/fashion_mnist/training_curves.png
Loaded checkpoint from extension/checkpoints/fashion_mnist/vanilla_vae/model.pt  (epoch 22)

Computing metrics …
  Linear probe accuracy : 0.7654
  Silhouette score      : 0.0770
  Reconstruction MSE    : 0.019539
  Metrics saved → vanilla_vae/metrics.json
  Saved → extension/figures/vanilla_vae/fashion_mnist/reconstructions.png
  Saved → extension/figures/vanilla_vae/fashion_mnist/latent_pca.png
  Figures saved → extension/figures/vanilla_vae/fashion_mnist/

Done.
