
──────────────────────────────────────────────────
Dataset  : mnist
Shape    : (784,)
Train    : 60,000 samples
Test     : 10,000 samples
Device : cuda
──────────────────────────────────────────────────


==================================================
Model : vanilla_vae
==================================================

Training  : model
β=1.0  noise_std=0.3  recon_loss=bce  epochs=30  lr=0.001  wd=0.01
Epoch       Train        Test        KL        LR
--------------------------------------------------
    1      188.51      147.55      8.12  9.97e-04
    5      122.68      119.47     14.70  9.33e-04
   10      117.35      114.54     17.22  7.50e-04
   15      115.07      112.09     18.03  5.00e-04
   20      113.64      109.62     18.04  2.50e-04
   25      112.94      108.50     18.04  6.70e-05
   30      112.64      108.08     17.94  0.00e+00

Best test loss : 108.08
Checkpoint saved → extension/checkpoints/mnist/vanilla_vae/model.pt
  Saved → extension/figures/vanilla_vae/mnist/training_curves.png
Loaded checkpoint from extension/checkpoints/mnist/vanilla_vae/model.pt  (epoch 30)

Computing metrics …
  Linear probe accuracy : 0.8903
  Silhouette score      : 0.1172
  Reconstruction MSE    : 0.017252
  Metrics saved → vanilla_vae/metrics.json
  Saved → extension/figures/vanilla_vae/mnist/reconstructions.png
  Saved → extension/figures/vanilla_vae/mnist/latent_pca.png
  Figures saved → extension/figures/vanilla_vae/mnist/

==================================================
Model : bilinear_vae
==================================================

Training  : model
β=1.0  noise_std=0.3  recon_loss=bce  epochs=30  lr=0.001  wd=0.01
Epoch       Train        Test        KL        LR
--------------------------------------------------
    1      172.38      227.38      5.50  9.97e-04
    5      123.41      154.21     11.63  9.33e-04
   10      119.47      149.36     14.28  7.50e-04
   15      117.50      150.06     16.25  5.00e-04
   20      116.12      151.75     17.04  2.50e-04
   25      115.20      153.25     17.56  6.70e-05
   30      114.89      155.22     17.87  0.00e+00

Best test loss : 145.52
Checkpoint saved → extension/checkpoints/mnist/bilinear_vae/model.pt
  Saved → extension/figures/bilinear_vae/mnist/training_curves.png
Loaded checkpoint from extension/checkpoints/mnist/bilinear_vae/model.pt  (epoch 11)

Computing metrics …
  Linear probe accuracy : 0.8456
  Silhouette score      : 0.0911
  Reconstruction MSE    : 0.034690
  Avg effective rank    : 70.7789
  Avg PVE@1 / @5 / @10 : 0.066 / 0.226 / 0.367
  Loaded classifier from mnist.pt
  Interpolation monotonicity (mean) : 1.0000
  Metrics saved → bilinear_vae/metrics.json
  Saved → extension/figures/bilinear_vae/mnist/reconstructions.png
  Saved → extension/figures/bilinear_vae/mnist/latent_pca.png
  Saved → extension/figures/bilinear_vae/mnist/eigenspectrums/digit0.png
  Saved → extension/figures/bilinear_vae/mnist/eigenspectrums/digit1.png
  Saved → extension/figures/bilinear_vae/mnist/eigenspectrums/digit2.png
  Saved → extension/figures/bilinear_vae/mnist/eigenspectrums/digit3.png
  Saved → extension/figures/bilinear_vae/mnist/eigenspectrums/digit4.png
  Saved → extension/figures/bilinear_vae/mnist/eigenspectrums/digit5.png
  Saved → extension/figures/bilinear_vae/mnist/eigenspectrums/digit6.png
  Saved → extension/figures/bilinear_vae/mnist/eigenspectrums/digit7.png
  Saved → extension/figures/bilinear_vae/mnist/eigenspectrums/digit8.png
  Saved → extension/figures/bilinear_vae/mnist/eigenspectrums/digit9.png
  Saved → extension/figures/bilinear_vae/mnist/eigenspectrums/spectra_grid.png
  Saved → extension/figures/bilinear_vae/mnist/interpolations/digit7_to_1.png
  Saved → extension/figures/bilinear_vae/mnist/interpolations/digit3_to_5.png
  Saved → extension/figures/bilinear_vae/mnist/interpolations/digit4_to_9.png
  Figures saved → extension/figures/bilinear_vae/mnist/

==================================================
Model : beta_vae
==================================================

Training  : model
β=4.0  noise_std=0.3  recon_loss=bce  epochs=30  lr=0.001  wd=0.01
Epoch       Train        Test        KL        LR
--------------------------------------------------
    1      206.40      166.41      3.65  9.97e-04
    5      158.33      148.38      7.52  9.33e-04
   10      154.10      142.34      8.48  7.50e-04
   15      152.15      139.62      8.80  5.00e-04
   20      150.94      138.27      9.05  2.50e-04
   25      150.22      136.66      8.92  6.70e-05
   30      150.01      136.44      8.90  0.00e+00

Best test loss : 136.44
Checkpoint saved → extension/checkpoints/mnist/beta_vae/model.pt
  Saved → extension/figures/beta_vae/mnist/training_curves.png
Loaded checkpoint from extension/checkpoints/mnist/beta_vae/model.pt  (epoch 30)

Computing metrics …
  Linear probe accuracy : 0.8790
  Silhouette score      : 0.1182
  Reconstruction MSE    : 0.021846
  Metrics saved → beta_vae/metrics.json
  Saved → extension/figures/beta_vae/mnist/reconstructions.png
  Saved → extension/figures/beta_vae/mnist/latent_pca.png
  Figures saved → extension/figures/beta_vae/mnist/

==================================================
Model : beta_bilinear_vae
==================================================

Training  : model
β=4.0  noise_std=0.3  recon_loss=bce  epochs=30  lr=0.001  wd=0.01
Epoch       Train        Test        KL        LR
--------------------------------------------------
    1      199.52      223.52      2.02  9.97e-04
    5      159.26      177.97      4.60  9.33e-04
   10      156.00      166.72      6.14  7.50e-04
   15      153.99      164.02      7.20  5.00e-04
   20      152.76      165.02      7.26  2.50e-04
   25      151.97      164.98      7.86  6.70e-05
   30      151.67      166.75      8.03  0.00e+00

Best test loss : 157.13
Checkpoint saved → extension/checkpoints/mnist/beta_bilinear_vae/model.pt
  Saved → extension/figures/beta_bilinear_vae/mnist/training_curves.png
Loaded checkpoint from extension/checkpoints/mnist/beta_bilinear_vae/model.pt  (epoch 17)

Computing metrics …
  Linear probe accuracy : 0.8554
  Silhouette score      : 0.0841
  Reconstruction MSE    : 0.034545
  Avg effective rank    : 69.8361
  Avg PVE@1 / @5 / @10 : 0.068 / 0.229 / 0.369
  Loaded classifier from mnist.pt
  Interpolation monotonicity (mean) : 0.9868
  Metrics saved → beta_bilinear_vae/metrics.json
  Saved → extension/figures/beta_bilinear_vae/mnist/reconstructions.png
  Saved → extension/figures/beta_bilinear_vae/mnist/latent_pca.png
  Saved → extension/figures/beta_bilinear_vae/mnist/eigenspectrums/digit0.png
  Saved → extension/figures/beta_bilinear_vae/mnist/eigenspectrums/digit1.png
  Saved → extension/figures/beta_bilinear_vae/mnist/eigenspectrums/digit2.png
  Saved → extension/figures/beta_bilinear_vae/mnist/eigenspectrums/digit3.png
  Saved → extension/figures/beta_bilinear_vae/mnist/eigenspectrums/digit4.png
  Saved → extension/figures/beta_bilinear_vae/mnist/eigenspectrums/digit5.png
  Saved → extension/figures/beta_bilinear_vae/mnist/eigenspectrums/digit6.png
  Saved → extension/figures/beta_bilinear_vae/mnist/eigenspectrums/digit7.png
  Saved → extension/figures/beta_bilinear_vae/mnist/eigenspectrums/digit8.png
  Saved → extension/figures/beta_bilinear_vae/mnist/eigenspectrums/digit9.png
  Saved → extension/figures/beta_bilinear_vae/mnist/eigenspectrums/spectra_grid.png
  Saved → extension/figures/beta_bilinear_vae/mnist/interpolations/digit7_to_1.png
  Saved → extension/figures/beta_bilinear_vae/mnist/interpolations/digit3_to_5.png
  Saved → extension/figures/beta_bilinear_vae/mnist/interpolations/digit4_to_9.png
  Figures saved → extension/figures/beta_bilinear_vae/mnist/

Done.
