================================================================
  Bilinear VAE — full experiment suite
  Flat models  : 30 epochs each
  CIFAR-10     : 100 epochs
  Logs         : extension/checkpoints/logs/
================================================================

  GPU 0  MNIST flat models        PID 98645
  GPU 1  Fashion-MNIST flat models PID 98646
  GPU 2  Consistency (5 seeds)     PID 98647
  GPU 3  Beta sweep (β 1,2,4,8)   PID 98648
  GPU 4  CIFAR-10 (100 epochs)    PID 98649

All jobs launched. Waiting for completion ...
(Monitor with: tail -f extension/checkpoints/logs/<name>.log)

  [done] MNIST flat models
  [done] Fashion-MNIST flat models
  [done] Consistency
  [done] Beta sweep
  [done] CIFAR-10

================================================================
  All experiments complete.
  Checkpoints : extension/checkpoints/{dataset}/{model}/
  Figures     : extension/figures/{model}/{dataset}/
================================================================
